  wrote Figure7D_best_combo (9.5x7.8)
Warning messages:
1: In grid.Call.graphics(C_text, as.graphicsAnnot(x$label), x$x, x$y,  :
  conversion failure on '① limit toxicity' in 'mbcsToSbcs': for ① (U+2460)
2: In grid.Call.graphics(C_text, as.graphicsAnnot(x$label), x$x, x$y,  :
  conversion failure on '② maximize efficacy' in 'mbcsToSbcs': for ② (U+2461)
3: In grid.Call.graphics(C_text, as.graphicsAnnot(x$label), x$x, x$y,  :
  for 'Across patients →  % targetable by CD96 + partner  (≥20 % blasts)' in 'mbcsToSbcs': -> substituted for → (U+2192)
4: In grid.Call.graphics(C_text, as.graphicsAnnot(x$label), x$x, x$y,  :
  for 'Across patients →  % targetable by CD96 + partner  (≥20 % blasts)' in 'mbcsToSbcs': >= substituted for ≥ (U+2265)
5: In grid.Call.graphics(C_text, as.graphicsAnnot(x$label), x$x, x$y,  :
  for 'Within patients →  % blasts covered by CD96 + partner' in 'mbcsToSbcs': -> substituted for → (U+2192)
6: In grid.Call.graphics(C_text, as.graphicsAnnot(x$label), x$x, x$y,  :
  conversion failure on '(% HSPC/Myeloid⁺)' in 'mbcsToSbcs': for ⁺ (U+207A)

CD96 + partner, ranked by within+across coverage (organ-toxic flagged):
       gene    group within between   tox organ
       FLT3  control  66.62   92.86 36.55 FALSE
       CD33 clinical  59.56   85.71 25.22 FALSE
      CD123 clinical  55.10   82.14 11.62  TRUE
      CLL-1 clinical  59.42   75.00 23.10 FALSE
        CD9     lead  55.10   75.00  9.14  TRUE
      ITGAX     ppac  46.08   82.14  7.09 FALSE
     SUCNR1     lead  48.66   71.43  8.85 FALSE
      ABCA7     ppac  45.00   75.00 10.45  TRUE
     IL1RAP     lead  50.56   67.86 10.53  TRUE
        CD7     ppac  46.24   67.86  7.75 FALSE
    TNFRSF4     ppac  44.09   64.29  3.00 FALSE
 CD96 alone     lead  40.39   60.71  2.78 FALSE
